// Jest Snapshot v1, https://goo.gl/fbAQLP

exports[`with snapshot renders correctly 1`] = `
<div>
  <nav
    className="jsx-79800652"
  >
    <a
      className="jsx-79800652"
      href="/"
      onClick={[Function]}
    >
      Home
    </a>
    <a
      className="jsx-79800652"
      href="/characters"
      onClick={[Function]}
    >
      Characters
    </a>
    <a
      className="jsx-79800652"
      href="/planets"
      onClick={[Function]}
    >
      Planets
    </a>
  </nav>
  <h1>
    Planets!
  </h1>
  <div
    className="jsx-783486823 container"
  >
    <ul
      className="jsx-2207742596"
    />
  </div>
</div>
`;
